436  [background-preinit] INFO  o.h.validator.internal.util.Version - HV000001: Hibernate Validator 6.2.3.Final
438  [main] INFO  c.m.api.MyretailApiApplication - Starting MyretailApiApplication using Java 11.0.12 on joshs-mbp.lan with PID 94439 (/Users/lekshmynair/workspace/myretail-api/build/classes/java/main started by lekshmynair in /Users/lekshmynair/workspace/myretail-api)
438  [main] INFO  c.m.api.MyretailApiApplication - The following 1 profile is active: "local"
1004 [main] INFO  o.s.d.r.c.RepositoryConfigurationDelegate - Bootstrapping Spring Data Reactive Cassandra repositories in DEFAULT mode.
1026 [main] INFO  o.s.d.r.c.RepositoryConfigurationDelegate - Finished Spring Data repository scanning in 17 ms. Found 0 Reactive Cassandra repository interfaces.
1028 [main] INFO  o.s.d.r.c.RepositoryConfigurationDelegate - Bootstrapping Spring Data Cassandra repositories in DEFAULT mode.
1039 [main] INFO  o.s.d.r.c.RepositoryConfigurationDelegate - Finished Spring Data repository scanning in 10 ms. Found 1 Cassandra repository interfaces.
1144 [main] INFO  o.s.c.context.scope.GenericScope - BeanFactory id=e7431679-b161-3d1e-99c9-f354fe028178
1527 [main] INFO  o.s.b.w.e.tomcat.TomcatWebServer - Tomcat initialized with port(s): 8081 (http)
1533 [main] INFO  o.a.coyote.http11.Http11NioProtocol - Initializing ProtocolHandler ["http-nio-8081"]
1533 [main] INFO  o.a.catalina.core.StandardService - Starting service [Tomcat]
1533 [main] INFO  o.a.catalina.core.StandardEngine - Starting Servlet engine: [Apache Tomcat/9.0.62]
1616 [main] INFO  o.a.c.c.C.[Tomcat].[localhost].[/] - Initializing Spring embedded WebApplicationContext
1616 [main] INFO  o.s.b.w.s.c.ServletWebServerApplicationContext - Root WebApplicationContext: initialization completed in 1154 ms
1982 [main] INFO  c.d.o.d.i.c.DefaultMavenCoordinates - DataStax Java driver for Apache Cassandra(R) (com.datastax.oss:java-driver-core) version 4.13.0
2098 [s0-admin-0] INFO  c.d.o.d.internal.core.time.Clock - Could not access native clock (see debug logs for details), falling back to Java system clock
3765 [main] INFO  o.s.b.a.e.web.EndpointLinksResolver - Exposing 23 endpoint(s) beneath base path '/actuator'
3791 [main] INFO  o.a.coyote.http11.Http11NioProtocol - Starting ProtocolHandler ["http-nio-8081"]
3801 [main] INFO  o.s.b.w.e.tomcat.TomcatWebServer - Tomcat started on port(s): 8081 (http) with context path ''
3812 [main] INFO  c.m.api.MyretailApiApplication - Started MyretailApiApplication in 3.65 seconds (JVM running for 3.927)
23374 [http-nio-8081-exec-1] INFO  o.a.c.c.C.[Tomcat].[localhost].[/] - Initializing Spring DispatcherServlet 'dispatcherServlet'
23374 [http-nio-8081-exec-1] INFO  o.s.web.servlet.DispatcherServlet - Initializing Servlet 'dispatcherServlet'
23375 [http-nio-8081-exec-1] INFO  o.s.web.servlet.DispatcherServlet - Completed initialization in 1 ms
23769 [http-nio-8081-exec-1] INFO  c.m.api.annotation.CustomLogger - Request : [12954218], Method: ResponseEntity com.myretail.api.controller.ProductController.getProduct(Integer), Result: {"headers":{},"body":{"id":12954218,"name":"Kraft Macaroni &#38; Cheese Dinner Original - 7.25oz","warnings":[{"code":206,"description":"Price not found"}]},"statusCode":"PARTIAL_CONTENT","statusCodeValue":206}, Execution Time: 359 millis
27272 [http-nio-8081-exec-2] INFO  c.m.api.annotation.CustomLogger - Request : [13860428], Method: ResponseEntity com.myretail.api.controller.ProductController.getProduct(Integer), Result: {"headers":{},"body":{"id":13860428,"name":"The Big Lebowski (Blu-ray)","current_price":{"value":109.99,"currency_code":"USD"}},"statusCode":"OK","statusCodeValue":200}, Execution Time: 66 millis
